Determining if the pthread_create exist failed with the following output:
Change Dir: /home/astro/astro-drone/control/new_algorithm/build/CMakeFiles/CMakeTmp

Run Build Command:"/usr/bin/make" "cmTC_66192/fast"
/usr/bin/make -f CMakeFiles/cmTC_66192.dir/build.make CMakeFiles/cmTC_66192.dir/build
make[1]: Entering directory '/home/astro/astro-drone/control/new_algorithm/build/CMakeFiles/CMakeTmp'
Building CXX object CMakeFiles/cmTC_66192.dir/CheckSymbolExists.cxx.o
/usr/bin/c++    -std=gnu++1z -o CMakeFiles/cmTC_66192.dir/CheckSymbolExists.cxx.o -c /home/astro/astro-drone/control/new_algorithm/build/CMakeFiles/CMakeTmp/CheckSymbolExists.cxx
Linking CXX executable cmTC_66192
/usr/bin/cmake -E cmake_link_script CMakeFiles/cmTC_66192.dir/link.txt --verbose=1
/usr/bin/c++       CMakeFiles/cmTC_66192.dir/CheckSymbolExists.cxx.o  -o cmTC_66192 
CMakeFiles/cmTC_66192.dir/CheckSymbolExists.cxx.o: In function `main':
CheckSymbolExists.cxx:(.text+0x14): undefined reference to `pthread_create'
CheckSymbolExists.cxx:(.text+0x18): undefined reference to `pthread_create'
collect2: error: ld returned 1 exit status
CMakeFiles/cmTC_66192.dir/build.make:97: recipe for target 'cmTC_66192' failed
make[1]: *** [cmTC_66192] Error 1
make[1]: Leaving directory '/home/astro/astro-drone/control/new_algorithm/build/CMakeFiles/CMakeTmp'
Makefile:126: recipe for target 'cmTC_66192/fast' failed
make: *** [cmTC_66192/fast] Error 2

File /home/astro/astro-drone/control/new_algorithm/build/CMakeFiles/CMakeTmp/CheckSymbolExists.cxx:
/* */
#include <pthread.h>

int main(int argc, char** argv)
{
  (void)argv;
#ifndef pthread_create
  return ((int*)(&pthread_create))[argc];
#else
  (void)argc;
  return 0;
#endif
}

Determining if the function pthread_create exists in the pthreads failed with the following output:
Change Dir: /home/astro/astro-drone/control/new_algorithm/build/CMakeFiles/CMakeTmp

Run Build Command:"/usr/bin/make" "cmTC_78b13/fast"
/usr/bin/make -f CMakeFiles/cmTC_78b13.dir/build.make CMakeFiles/cmTC_78b13.dir/build
make[1]: Entering directory '/home/astro/astro-drone/control/new_algorithm/build/CMakeFiles/CMakeTmp'
Building CXX object CMakeFiles/cmTC_78b13.dir/CheckFunctionExists.cxx.o
/usr/bin/c++    -DCHECK_FUNCTION_EXISTS=pthread_create   -std=gnu++1z -o CMakeFiles/cmTC_78b13.dir/CheckFunctionExists.cxx.o -c /home/astro/astro-drone/control/new_algorithm/build/CMakeFiles/CheckLibraryExists/CheckFunctionExists.cxx
Linking CXX executable cmTC_78b13
/usr/bin/cmake -E cmake_link_script CMakeFiles/cmTC_78b13.dir/link.txt --verbose=1
/usr/bin/c++   -DCHECK_FUNCTION_EXISTS=pthread_create    CMakeFiles/cmTC_78b13.dir/CheckFunctionExists.cxx.o  -o cmTC_78b13 -lpthreads 
/usr/bin/ld: cannot find -lpthreads
collect2: error: ld returned 1 exit status
CMakeFiles/cmTC_78b13.dir/build.make:97: recipe for target 'cmTC_78b13' failed
make[1]: *** [cmTC_78b13] Error 1
make[1]: Leaving directory '/home/astro/astro-drone/control/new_algorithm/build/CMakeFiles/CMakeTmp'
Makefile:126: recipe for target 'cmTC_78b13/fast' failed
make: *** [cmTC_78b13/fast] Error 2


