Determining if the pthread_create exist failed with the following output:
Change Dir: /home/astro/astro-drone/health-check/build/CMakeFiles/CMakeTmp

Run Build Command:"/usr/bin/make" "cmTC_9faf7/fast"
/usr/bin/make -f CMakeFiles/cmTC_9faf7.dir/build.make CMakeFiles/cmTC_9faf7.dir/build
make[1]: Entering directory '/home/astro/astro-drone/health-check/build/CMakeFiles/CMakeTmp'
Building CXX object CMakeFiles/cmTC_9faf7.dir/CheckSymbolExists.cxx.o
/usr/bin/c++    -std=gnu++1z -o CMakeFiles/cmTC_9faf7.dir/CheckSymbolExists.cxx.o -c /home/astro/astro-drone/health-check/build/CMakeFiles/CMakeTmp/CheckSymbolExists.cxx
Linking CXX executable cmTC_9faf7
/usr/bin/cmake -E cmake_link_script CMakeFiles/cmTC_9faf7.dir/link.txt --verbose=1
/usr/bin/c++       CMakeFiles/cmTC_9faf7.dir/CheckSymbolExists.cxx.o  -o cmTC_9faf7 
CMakeFiles/cmTC_9faf7.dir/CheckSymbolExists.cxx.o: In function `main':
CheckSymbolExists.cxx:(.text+0x14): undefined reference to `pthread_create'
CheckSymbolExists.cxx:(.text+0x18): undefined reference to `pthread_create'
collect2: error: ld returned 1 exit status
CMakeFiles/cmTC_9faf7.dir/build.make:97: recipe for target 'cmTC_9faf7' failed
make[1]: *** [cmTC_9faf7] Error 1
make[1]: Leaving directory '/home/astro/astro-drone/health-check/build/CMakeFiles/CMakeTmp'
Makefile:126: recipe for target 'cmTC_9faf7/fast' failed
make: *** [cmTC_9faf7/fast] Error 2

File /home/astro/astro-drone/health-check/build/CMakeFiles/CMakeTmp/CheckSymbolExists.cxx:
/* */
#include <pthread.h>

int main(int argc, char** argv)
{
  (void)argv;
#ifndef pthread_create
  return ((int*)(&pthread_create))[argc];
#else
  (void)argc;
  return 0;
#endif
}

Determining if the function pthread_create exists in the pthreads failed with the following output:
Change Dir: /home/astro/astro-drone/health-check/build/CMakeFiles/CMakeTmp

Run Build Command:"/usr/bin/make" "cmTC_1397b/fast"
/usr/bin/make -f CMakeFiles/cmTC_1397b.dir/build.make CMakeFiles/cmTC_1397b.dir/build
make[1]: Entering directory '/home/astro/astro-drone/health-check/build/CMakeFiles/CMakeTmp'
Building CXX object CMakeFiles/cmTC_1397b.dir/CheckFunctionExists.cxx.o
/usr/bin/c++    -DCHECK_FUNCTION_EXISTS=pthread_create   -std=gnu++1z -o CMakeFiles/cmTC_1397b.dir/CheckFunctionExists.cxx.o -c /home/astro/astro-drone/health-check/build/CMakeFiles/CheckLibraryExists/CheckFunctionExists.cxx
Linking CXX executable cmTC_1397b
/usr/bin/cmake -E cmake_link_script CMakeFiles/cmTC_1397b.dir/link.txt --verbose=1
/usr/bin/c++   -DCHECK_FUNCTION_EXISTS=pthread_create    CMakeFiles/cmTC_1397b.dir/CheckFunctionExists.cxx.o  -o cmTC_1397b -lpthreads 
/usr/bin/ld: cannot find -lpthreads
collect2: error: ld returned 1 exit status
CMakeFiles/cmTC_1397b.dir/build.make:97: recipe for target 'cmTC_1397b' failed
make[1]: *** [cmTC_1397b] Error 1
make[1]: Leaving directory '/home/astro/astro-drone/health-check/build/CMakeFiles/CMakeTmp'
Makefile:126: recipe for target 'cmTC_1397b/fast' failed
make: *** [cmTC_1397b/fast] Error 2


